
> circleup@0.0.0 test
> jest
https://accounts.google.com/o/oauth2/auth?client_id=205446930705-2g3uqqs0r20mlj1em04bpbsdj0h829ar.apps.googleusercontent.com&redirect_uri=http://localhost:3000&response_type=code&scope=https://www.googleapis.com/auth/calendar.events.readonly